Archive member included to satisfy reference by file (symbol)

c:/program files (x86)/atmel/studio/7.0/toolchain/arm/arm-gnu-toolchain/bin/../lib/gcc/arm-none-eabi/5.3.1/armv6-m\libgcc.a(_udivsi3.o)
                              src/ASF/common2/services/delay/sam0/systick_counter.o (__aeabi_uidiv)
c:/program files (x86)/atmel/studio/7.0/toolchain/arm/arm-gnu-toolchain/bin/../lib/gcc/arm-none-eabi/5.3.1/armv6-m\libgcc.a(_dvmd_tls.o)
                              c:/program files (x86)/atmel/studio/7.0/toolchain/arm/arm-gnu-toolchain/bin/../lib/gcc/arm-none-eabi/5.3.1/armv6-m\libgcc.a(_udivsi3.o) (__aeabi_idiv0)
c:/program files (x86)/atmel/studio/7.0/toolchain/arm/arm-gnu-toolchain/bin/../lib/gcc/arm-none-eabi/5.3.1/armv6-m\libgcc.a(_muldi3.o)
                              src/ASF/sam0/drivers/sercom/sercom.o (__aeabi_lmul)
c:/program files (x86)/atmel/studio/7.0/toolchain/arm/arm-gnu-toolchain/bin/../lib/gcc/arm-none-eabi/5.3.1/../../../../arm-none-eabi/lib/armv6-m\libc_nano.a(lib_a-exit.o)
                              c:/program files (x86)/atmel/studio/7.0/toolchain/arm/arm-gnu-toolchain/bin/../lib/gcc/arm-none-eabi/5.3.1/../../../../arm-none-eabi/lib/armv6-m/crt0.o (exit)
c:/program files (x86)/atmel/studio/7.0/toolchain/arm/arm-gnu-toolchain/bin/../lib/gcc/arm-none-eabi/5.3.1/../../../../arm-none-eabi/lib/armv6-m\libc_nano.a(lib_a-impure.o)
                              c:/program files (x86)/atmel/studio/7.0/toolchain/arm/arm-gnu-toolchain/bin/../lib/gcc/arm-none-eabi/5.3.1/../../../../arm-none-eabi/lib/armv6-m\libc_nano.a(lib_a-exit.o) (_global_impure_ptr)
c:/program files (x86)/atmel/studio/7.0/toolchain/arm/arm-gnu-toolchain/bin/../lib/gcc/arm-none-eabi/5.3.1/../../../../arm-none-eabi/lib/armv6-m\libc_nano.a(lib_a-init.o)
                              c:/program files (x86)/atmel/studio/7.0/toolchain/arm/arm-gnu-toolchain/bin/../lib/gcc/arm-none-eabi/5.3.1/../../../../arm-none-eabi/lib/armv6-m/crt0.o (__libc_init_array)
c:/program files (x86)/atmel/studio/7.0/toolchain/arm/arm-gnu-toolchain/bin/../lib/gcc/arm-none-eabi/5.3.1/../../../../arm-none-eabi/lib/armv6-m\libc_nano.a(lib_a-memcpy-stub.o)
                              src/ASF/sam0/drivers/sercom/sercom_interrupt.o (memcpy)
c:/program files (x86)/atmel/studio/7.0/toolchain/arm/arm-gnu-toolchain/bin/../lib/gcc/arm-none-eabi/5.3.1/../../../../arm-none-eabi/lib/armv6-m\libc_nano.a(lib_a-memset.o)
                              c:/program files (x86)/atmel/studio/7.0/toolchain/arm/arm-gnu-toolchain/bin/../lib/gcc/arm-none-eabi/5.3.1/../../../../arm-none-eabi/lib/armv6-m/crt0.o (memset)

Allocating common symbols
Common symbol       size              file

usart_instance      0x34              src/main.o
_tc_instances       0x8               src/ASF/sam0/drivers/tc/tc_interrupt.o
_sercom_instances   0xc               src/ASF/sam0/drivers/sercom/sercom_interrupt.o
tcc_instance        0x8               src/main.o
spi_master_instance
                    0xc               src/main.o
slave               0x3               src/main.o

Discarded input sections

 .text          0x00000000        0x0 c:/program files (x86)/atmel/studio/7.0/toolchain/arm/arm-gnu-toolchain/bin/../lib/gcc/arm-none-eabi/5.3.1/armv6-m/crti.o
 .data          0x00000000        0x0 c:/program files (x86)/atmel/studio/7.0/toolchain/arm/arm-gnu-toolchain/bin/../lib/gcc/arm-none-eabi/5.3.1/armv6-m/crti.o
 .bss           0x00000000        0x0 c:/program files (x86)/atmel/studio/7.0/toolchain/arm/arm-gnu-toolchain/bin/../lib/gcc/arm-none-eabi/5.3.1/armv6-m/crti.o
 .data          0x00000000        0x4 c:/program files (x86)/atmel/studio/7.0/toolchain/arm/arm-gnu-toolchain/bin/../lib/gcc/arm-none-eabi/5.3.1/armv6-m/crtbegin.o
 .text          0x00000000       0x78 c:/program files (x86)/atmel/studio/7.0/toolchain/arm/arm-gnu-toolchain/bin/../lib/gcc/arm-none-eabi/5.3.1/../../../../arm-none-eabi/lib/armv6-m/crt0.o
 .data          0x00000000        0x0 c:/program files (x86)/atmel/studio/7.0/toolchain/arm/arm-gnu-toolchain/bin/../lib/gcc/arm-none-eabi/5.3.1/../../../../arm-none-eabi/lib/armv6-m/crt0.o
 .bss           0x00000000        0x0 c:/program files (x86)/atmel/studio/7.0/toolchain/arm/arm-gnu-toolchain/bin/../lib/gcc/arm-none-eabi/5.3.1/../../../../arm-none-eabi/lib/armv6-m/crt0.o
 .ARM.extab     0x00000000        0x0 c:/program files (x86)/atmel/studio/7.0/toolchain/arm/arm-gnu-toolchain/bin/../lib/gcc/arm-none-eabi/5.3.1/../../../../arm-none-eabi/lib/armv6-m/crt0.o
 .ARM.exidx     0x00000000        0x8 c:/program files (x86)/atmel/studio/7.0/toolchain/arm/arm-gnu-toolchain/bin/../lib/gcc/arm-none-eabi/5.3.1/../../../../arm-none-eabi/lib/armv6-m/crt0.o
 .ARM.attributes
                0x00000000       0x1b c:/program files (x86)/atmel/studio/7.0/toolchain/arm/arm-gnu-toolchain/bin/../lib/gcc/arm-none-eabi/5.3.1/../../../../arm-none-eabi/lib/armv6-m/crt0.o
 .group         0x00000000        0x8 src/ASF/common2/services/delay/sam0/systick_counter.o
[...]
Memory Configuration

Name             Origin             Length             Attributes
rom              0x00000000         0x00004000         xr
ram              0x20000000         0x00001000         xrw
*default*        0x00000000         0xffffffff

Linker script and memory map

LOAD c:/program files (x86)/atmel/studio/7.0/toolchain/arm/arm-gnu-toolchain/bin/../lib/gcc/arm-none-eabi/5.3.1/armv6-m/crti.o
LOAD c:/program files (x86)/atmel/studio/7.0/toolchain/arm/arm-gnu-toolchain/bin/../lib/gcc/arm-none-eabi/5.3.1/armv6-m/crtbegin.o
LOAD c:/program files (x86)/atmel/studio/7.0/toolchain/arm/arm-gnu-toolchain/bin/../lib/gcc/arm-none-eabi/5.3.1/../../../../arm-none-eabi/lib/armv6-m/crt0.o
LOAD src/ASF/common2/services/delay/sam0/systick_counter.o
LOAD src/ASF/sam0/drivers/sercom/sercom.o
LOAD src/ASF/sam0/drivers/sercom/sercom_interrupt.o
LOAD src/ASF/sam0/drivers/sercom/usart/usart.o
LOAD src/ASF/sam0/drivers/sercom/usart/usart_interrupt.o
LOAD src/ASF/sam0/drivers/sercom/spi/spi.o
LOAD src/ASF/common/utils/interrupt/interrupt_sam_nvic.o
LOAD src/ASF/sam0/boards/samd10_xplained_mini/board_init.o
LOAD src/ASF/sam0/drivers/port/port.o
LOAD src/ASF/sam0/drivers/system/clock/clock_samd09_d10_d11/clock.o
LOAD src/ASF/sam0/drivers/system/clock/clock_samd09_d10_d11/gclk.o
LOAD src/ASF/sam0/drivers/system/interrupt/system_interrupt.o
LOAD src/ASF/sam0/drivers/system/pinmux/pinmux.o
LOAD src/ASF/sam0/drivers/system/system.o
LOAD src/ASF/sam0/drivers/tcc/tcc.o
LOAD src/ASF/sam0/drivers/tc/tc_interrupt.o
LOAD src/ASF/sam0/drivers/tc/tc_sam_d_r/tc.o
LOAD src/ASF/sam0/utils/cmsis/samd10/source/gcc/startup_samd10.o
LOAD src/ASF/sam0/utils/cmsis/samd10/source/system_samd10.o
LOAD src/ASF/sam0/utils/syscalls/gcc/syscalls.o
LOAD src/main.o
START GROUP
LOAD ../src/ASF/thirdparty/CMSIS/Lib/GCC\libarm_cortexM0l_math.a
LOAD c:/program files (x86)/atmel/studio/7.0/toolchain/arm/arm-gnu-toolchain/bin/../lib/gcc/arm-none-eabi/5.3.1/../../../../arm-none-eabi/lib/armv6-m\libm.a
END GROUP
START GROUP
LOAD c:/program files (x86)/atmel/studio/7.0/toolchain/arm/arm-gnu-toolchain/bin/../lib/gcc/arm-none-eabi/5.3.1/armv6-m\libgcc.a
LOAD c:/program files (x86)/atmel/studio/7.0/toolchain/arm/arm-gnu-toolchain/bin/../lib/gcc/arm-none-eabi/5.3.1/../../../../arm-none-eabi/lib/armv6-m\libc_nano.a
END GROUP
START GROUP
LOAD c:/program files (x86)/atmel/studio/7.0/toolchain/arm/arm-gnu-toolchain/bin/../lib/gcc/arm-none-eabi/5.3.1/armv6-m\libgcc.a
LOAD c:/program files (x86)/atmel/studio/7.0/toolchain/arm/arm-gnu-toolchain/bin/../lib/gcc/arm-none-eabi/5.3.1/../../../../arm-none-eabi/lib/armv6-m\libc_nano.a
END GROUP
LOAD c:/program files (x86)/atmel/studio/7.0/toolchain/arm/arm-gnu-toolchain/bin/../lib/gcc/arm-none-eabi/5.3.1/armv6-m/crtend.o
LOAD c:/program files (x86)/atmel/studio/7.0/toolchain/arm/arm-gnu-toolchain/bin/../lib/gcc/arm-none-eabi/5.3.1/armv6-m/crtn.o
                0x00000400                STACK_SIZE = DEFINED (STACK_SIZE)?STACK_SIZE:DEFINED (__stack_size__)?__stack_size__:0x400

.text           0x00000000     0x1334
                0x00000000                . = ALIGN (0x4)
                0x00000000                _sfixed = .
 *(.vectors .vectors.*)
 .vectors       0x00000000       0x8c src/ASF/sam0/utils/cmsis/samd10/source/gcc/startup_samd10.o
                0x00000000                exception_table
 *(.text .text.* .gnu.linkonce.t.*)
 .text          0x0000008c       0x60 c:/program files (x86)/atmel/studio/7.0/toolchain/arm/arm-gnu-toolchain/bin/../lib/gcc/arm-none-eabi/5.3.1/armv6-m/crtbegin.o
 .text.delay_init
                0x000000ec       0x40 src/ASF/common2/services/delay/sam0/systick_counter.o
                0x000000ec                delay_init
 .text.delay_cycles_ms
                0x0000012c       0x2c src/ASF/common2/services/delay/sam0/systick_counter.o
                0x0000012c                delay_cycles_ms
 .text._sercom_get_sync_baud_val
                0x00000158       0x28 src/ASF/sam0/drivers/sercom/sercom.o
                0x00000158                _sercom_get_sync_baud_val
 .text.sercom_set_gclk_generator
                0x00000180       0x4c src/ASF/sam0/drivers/sercom/sercom.o
                0x00000180                sercom_set_gclk_generator
 .text._sercom_get_default_pad
                0x000001cc       0xc4 src/ASF/sam0/drivers/sercom/sercom.o
                0x000001cc                _sercom_get_default_pad
 .text._sercom_get_sercom_inst_index
                0x00000290       0x38 src/ASF/sam0/drivers/sercom/sercom.o
                0x00000290                _sercom_get_sercom_inst_index
 .text.SERCOM0_Handler
                0x000002c8       0x10 src/ASF/sam0/drivers/sercom/sercom_interrupt.o
                0x000002c8                SERCOM0_Handler
 .text.SERCOM1_Handler
                0x000002d8       0x10 src/ASF/sam0/drivers/sercom/sercom_interrupt.o
                0x000002d8                SERCOM1_Handler
 .text.SERCOM2_Handler
                0x000002e8       0x10 src/ASF/sam0/drivers/sercom/sercom_interrupt.o
                0x000002e8                SERCOM2_Handler
 .text.spi_init
                0x000002f8      0x320 src/ASF/sam0/drivers/sercom/spi/spi.o
                0x000002f8                spi_init
 .text.cpu_irq_enter_critical
                0x00000618       0x40 src/ASF/common/utils/interrupt/interrupt_sam_nvic.o
                0x00000618                cpu_irq_enter_critical
 .text.cpu_irq_leave_critical
                0x00000658       0x30 src/ASF/common/utils/interrupt/interrupt_sam_nvic.o
                0x00000658                cpu_irq_leave_critical
 .text.system_board_init
                0x00000688       0x38 src/ASF/sam0/boards/samd10_xplained_mini/board_init.o
                0x00000688                board_init
                0x00000688                system_board_init
 .text.port_pin_set_config
                0x000006c0       0x24 src/ASF/sam0/drivers/port/port.o
                0x000006c0                port_pin_set_config
 .text.system_clock_source_get_hz
                0x000006e4       0x90 src/ASF/sam0/drivers/system/clock/clock_samd09_d10_d11/clock.o
                0x000006e4                system_clock_source_get_hz
 .text.system_clock_source_osc8m_set_config
                0x00000774       0x3c src/ASF/sam0/drivers/system/clock/clock_samd09_d10_d11/clock.o
                0x00000774                system_clock_source_osc8m_set_config
 .text.system_clock_source_osc32k_set_config
                0x000007b0       0x88 src/ASF/sam0/drivers/system/clock/clock_samd09_d10_d11/clock.o
                0x000007b0                system_clock_source_osc32k_set_config
 .text.system_clock_source_dfll_set_config
                0x00000838       0x84 src/ASF/sam0/drivers/system/clock/clock_samd09_d10_d11/clock.o
                0x00000838                system_clock_source_dfll_set_config
 .text.system_clock_source_enable
                0x000008bc       0xa8 src/ASF/sam0/drivers/system/clock/clock_samd09_d10_d11/clock.o
                0x000008bc                system_clock_source_enable
 .text.system_clock_init
                0x00000964      0x154 src/ASF/sam0/drivers/system/clock/clock_samd09_d10_d11/clock.o
                0x00000964                system_clock_init
 .text.system_gclk_init
                0x00000ab8       0x24 src/ASF/sam0/drivers/system/clock/clock_samd09_d10_d11/gclk.o
                0x00000ab8                system_gclk_init
 .text.system_gclk_gen_set_config
                0x00000adc       0xb8 src/ASF/sam0/drivers/system/clock/clock_samd09_d10_d11/gclk.o
                0x00000adc                system_gclk_gen_set_config
 .text.system_gclk_gen_enable
                0x00000b94       0x44 src/ASF/sam0/drivers/system/clock/clock_samd09_d10_d11/gclk.o
                0x00000b94                system_gclk_gen_enable
 .text.system_gclk_gen_get_hz
                0x00000bd8       0x8c src/ASF/sam0/drivers/system/clock/clock_samd09_d10_d11/gclk.o
                0x00000bd8                system_gclk_gen_get_hz
 .text.system_gclk_chan_enable
                0x00000c64       0x30 src/ASF/sam0/drivers/system/clock/clock_samd09_d10_d11/gclk.o
                0x00000c64                system_gclk_chan_enable
 .text.system_gclk_chan_disable
                0x00000c94       0x5c src/ASF/sam0/drivers/system/clock/clock_samd09_d10_d11/gclk.o
                0x00000c94                system_gclk_chan_disable
 .text.system_gclk_chan_set_config
                0x00000cf0       0x1c src/ASF/sam0/drivers/system/clock/clock_samd09_d10_d11/gclk.o
                0x00000cf0                system_gclk_chan_set_config
 .text.system_gclk_chan_get_hz
                0x00000d0c       0x34 src/ASF/sam0/drivers/system/clock/clock_samd09_d10_d11/gclk.o
                0x00000d0c                system_gclk_chan_get_hz
 .text._system_pinmux_config
                0x00000d40       0xa8 src/ASF/sam0/drivers/system/pinmux/pinmux.o
 .text.system_pinmux_pin_set_config
                0x00000de8       0x30 src/ASF/sam0/drivers/system/pinmux/pinmux.o
                0x00000de8                system_pinmux_pin_set_config
 .text._system_dummy_init
                0x00000e18        0x4 src/ASF/sam0/drivers/system/system.o
                0x00000e18                _system_extint_init
                0x00000e18                _system_events_init
                0x00000e18                _system_dummy_init
                0x00000e18                _system_divas_init
 .text.system_init
                0x00000e1c       0x2c src/ASF/sam0/drivers/system/system.o
                0x00000e1c                system_init
 .text._tc_interrupt_handler
                0x00000e48       0x5c src/ASF/sam0/drivers/tc/tc_interrupt.o
                0x00000e48                _tc_interrupt_handler
 .text.TC1_Handler
                0x00000ea4       0x10 src/ASF/sam0/drivers/tc/tc_interrupt.o
                0x00000ea4                TC1_Handler
 .text.TC2_Handler
                0x00000eb4       0x10 src/ASF/sam0/drivers/tc/tc_interrupt.o
                0x00000eb4                TC2_Handler
 .text.Dummy_Handler
                0x00000ec4        0x4 src/ASF/sam0/utils/cmsis/samd10/source/gcc/startup_samd10.o
                0x00000ec4                DMAC_Handler
                0x00000ec4                HardFault_Handler
                0x00000ec4                AC_Handler
                0x00000ec4                SysTick_Handler
                0x00000ec4                PendSV_Handler
                0x00000ec4                NMI_Handler
                0x00000ec4                ADC_Handler
                0x00000ec4                TCC0_Handler
                0x00000ec4                RTC_Handler
                0x00000ec4                EIC_Handler
                0x00000ec4                WDT_Handler
                0x00000ec4                Dummy_Handler
                0x00000ec4                PM_Handler
                0x00000ec4                SVC_Handler
                0x00000ec4                EVSYS_Handler
                0x00000ec4                NVMCTRL_Handler
                0x00000ec4                DAC_Handler
                0x00000ec4                PTC_Handler
                0x00000ec4                SYSCTRL_Handler
 .text.Reset_Handler
                0x00000ec8       0xe8 src/ASF/sam0/utils/cmsis/samd10/source/gcc/startup_samd10.o
                0x00000ec8                Reset_Handler
 .text.spiSend  0x00000fb0       0x30 src/main.o
 .text.sendByte
                0x00000fe0       0x24 src/main.o
 .text.configure_spi_master
                0x00001004       0xd0 src/main.o
                0x00001004                configure_spi_master
 .text.main     0x000010d4       0x58 src/main.o
                0x000010d4                main
 .text          0x0000112c      0x114 c:/program files (x86)/atmel/studio/7.0/toolchain/arm/arm-gnu-toolchain/bin/../lib/gcc/arm-none-eabi/5.3.1/armv6-m\libgcc.a(_udivsi3.o)
                0x0000112c                __aeabi_uidiv
                0x0000112c                __udivsi3
                0x00001238                __aeabi_uidivmod
 .text          0x00001240        0x4 c:/program files (x86)/atmel/studio/7.0/toolchain/arm/arm-gnu-toolchain/bin/../lib/gcc/arm-none-eabi/5.3.1/armv6-m\libgcc.a(_dvmd_tls.o)
                0x00001240                __aeabi_idiv0
                0x00001240                __aeabi_ldiv0
 .text.__libc_init_array
                0x00001244       0x4c c:/program files (x86)/atmel/studio/7.0/toolchain/arm/arm-gnu-toolchain/bin/../lib/gcc/arm-none-eabi/5.3.1/../../../../arm-none-eabi/lib/armv6-m\libc_nano.a(lib_a-init.o)
                0x00001244                __libc_init_array
 .text.memset   0x00001290       0x10 c:/program files (x86)/atmel/studio/7.0/toolchain/arm/arm-gnu-toolchain/bin/../lib/gcc/arm-none-eabi/5.3.1/../../../../arm-none-eabi/lib/armv6-m\libc_nano.a(lib_a-memset.o)
                0x00001290                memset
 *(.glue_7t)
 .glue_7t       0x000012a0        0x0 linker stubs
 *(.glue_7)
 .glue_7        0x000012a0        0x0 linker stubs
 *(.rodata .rodata* .gnu.linkonce.r.*)
 .rodata        0x000012a0        0xc src/ASF/sam0/drivers/sercom/sercom.o
 .rodata.system_clock_source_get_hz
                0x000012ac       0x24 src/ASF/sam0/drivers/system/clock/clock_samd09_d10_d11/clock.o
 .rodata.system_clock_source_enable
                0x000012d0       0x24 src/ASF/sam0/drivers/system/clock/clock_samd09_d10_d11/clock.o
 .rodata.bits   0x000012f4       0x20 src/main.o
 *(.ARM.extab* .gnu.linkonce.armextab.*)
                0x00001314                . = ALIGN (0x4)
 *(.init)
 .init          0x00001314        0x4 c:/program files (x86)/atmel/studio/7.0/toolchain/arm/arm-gnu-toolchain/bin/../lib/gcc/arm-none-eabi/5.3.1/armv6-m/crti.o
                0x00001314                _init
 .init          0x00001318        0x8 c:/program files (x86)/atmel/studio/7.0/toolchain/arm/arm-gnu-toolchain/bin/../lib/gcc/arm-none-eabi/5.3.1/armv6-m/crtn.o
                0x00001320                . = ALIGN (0x4)
                0x00001320                __preinit_array_start = .
 *(.preinit_array)
                0x00001320                __preinit_array_end = .
                0x00001320                . = ALIGN (0x4)
                0x00001320                __init_array_start = .
 *(SORT(.init_array.*))
 *(.init_array)
 .init_array    0x00001320        0x4 c:/program files (x86)/atmel/studio/7.0/toolchain/arm/arm-gnu-toolchain/bin/../lib/gcc/arm-none-eabi/5.3.1/armv6-m/crtbegin.o
                0x00001324                __init_array_end = .
                0x00001324                . = ALIGN (0x4)
 *crtbegin.o(.ctors)
 *(EXCLUDE_FILE(*crtend.o) .ctors)
 *(SORT(.ctors.*))
 *crtend.o(.ctors)
                0x00001324                . = ALIGN (0x4)
 *(.fini)
 .fini          0x00001324        0x4 c:/program files (x86)/atmel/studio/7.0/toolchain/arm/arm-gnu-toolchain/bin/../lib/gcc/arm-none-eabi/5.3.1/armv6-m/crti.o
                0x00001324                _fini
 .fini          0x00001328        0x8 c:/program files (x86)/atmel/studio/7.0/toolchain/arm/arm-gnu-toolchain/bin/../lib/gcc/arm-none-eabi/5.3.1/armv6-m/crtn.o
                0x00001330                . = ALIGN (0x4)
                0x00001330                __fini_array_start = .
 *(.fini_array)
 .fini_array    0x00001330        0x4 c:/program files (x86)/atmel/studio/7.0/toolchain/arm/arm-gnu-toolchain/bin/../lib/gcc/arm-none-eabi/5.3.1/armv6-m/crtbegin.o
 *(SORT(.fini_array.*))
                0x00001334                __fini_array_end = .
 *crtbegin.o(.dtors)
 *(EXCLUDE_FILE(*crtend.o) .dtors)
 *(SORT(.dtors.*))
 *crtend.o(.dtors)
                0x00001334                . = ALIGN (0x4)
                0x00001334                _efixed = .
                [!provide]                PROVIDE (__exidx_start, .)

.vfp11_veneer   0x00001334        0x0
 .vfp11_veneer  0x00001334        0x0 linker stubs

.v4_bx          0x00001334        0x0
 .v4_bx         0x00001334        0x0 linker stubs

.iplt           0x00001334        0x0
 .iplt          0x00001334        0x0 c:/program files (x86)/atmel/studio/7.0/toolchain/arm/arm-gnu-toolchain/bin/../lib/gcc/arm-none-eabi/5.3.1/armv6-m/crtbegin.o

.eh_frame       0x00001334        0x0
 .eh_frame      0x00001334        0x0 c:/program files (x86)/atmel/studio/7.0/toolchain/arm/arm-gnu-toolchain/bin/../lib/gcc/arm-none-eabi/5.3.1/armv6-m/crtbegin.o

.rel.dyn        0x00001334        0x0
 .rel.iplt      0x00001334        0x0 c:/program files (x86)/atmel/studio/7.0/toolchain/arm/arm-gnu-toolchain/bin/../lib/gcc/arm-none-eabi/5.3.1/armv6-m/crtbegin.o

.jcr            0x00001334        0x0
 .jcr           0x00001334        0x0 c:/program files (x86)/atmel/studio/7.0/toolchain/arm/arm-gnu-toolchain/bin/../lib/gcc/arm-none-eabi/5.3.1/armv6-m/crtbegin.o

.igot.plt       0x00001334        0x0
 .igot.plt      0x00001334        0x0 c:/program files (x86)/atmel/studio/7.0/toolchain/arm/arm-gnu-toolchain/bin/../lib/gcc/arm-none-eabi/5.3.1/armv6-m/crtbegin.o

.ARM.exidx
 *(.ARM.exidx* .gnu.linkonce.armexidx.*)
                [!provide]                PROVIDE (__exidx_end, .)
                0x00001334                . = ALIGN (0x4)
                0x00001334                _etext = .

.relocate       0x20000000        0xc load address 0x00001334
                0x20000000                . = ALIGN (0x4)
                0x20000000                _srelocate = .
 *(.ramfunc .ramfunc.*)
 *(.data .data.*)
 .data.cycles_per_us
                0x20000000        0x4 src/ASF/common2/services/delay/sam0/systick_counter.o
 .data.cycles_per_ms
                0x20000004        0x4 src/ASF/common2/services/delay/sam0/systick_counter.o
 .data.g_interrupt_enabled
                0x20000008        0x1 src/ASF/common/utils/interrupt/interrupt_sam_nvic.o
                0x20000008                g_interrupt_enabled
                0x2000000c                . = ALIGN (0x4)
 *fill*         0x20000009        0x3 
                0x2000000c                _erelocate = .

.bss            0x2000000c       0xa0 load address 0x00001340
                0x2000000c                . = ALIGN (0x4)
                0x2000000c                _sbss = .
                0x2000000c                _szero = .
 *(.bss .bss.*)
 .bss           0x2000000c       0x1c c:/program files (x86)/atmel/studio/7.0/toolchain/arm/arm-gnu-toolchain/bin/../lib/gcc/arm-none-eabi/5.3.1/armv6-m/crtbegin.o
 .bss._sercom_config
                0x20000028        0x2 src/ASF/sam0/drivers/sercom/sercom.o
 *fill*         0x2000002a        0x2 
 .bss._sercom_interrupt_handlers
                0x2000002c        0xc src/ASF/sam0/drivers/sercom/sercom_interrupt.o
 .bss.cpu_irq_critical_section_counter
                0x20000038        0x4 src/ASF/common/utils/interrupt/interrupt_sam_nvic.o
 .bss.cpu_irq_prev_interrupt_state
                0x2000003c        0x1 src/ASF/common/utils/interrupt/interrupt_sam_nvic.o
 *fill*         0x2000003d        0x3 
 .bss._system_clock_inst
                0x20000040       0x18 src/ASF/sam0/drivers/system/clock/clock_samd09_d10_d11/clock.o
 *(COMMON)
 COMMON         0x20000058        0x8 src/ASF/sam0/drivers/tc/tc_interrupt.o
                0x20000058                _tc_instances
 COMMON         0x20000060       0x4b src/main.o
                0x20000060                usart_instance
                0x20000094                tcc_instance
                0x2000009c                spi_master_instance
                0x200000a8                slave
                0x200000ac                . = ALIGN (0x4)
 *fill*         0x200000ab        0x1 
                0x200000ac                _ebss = .
                0x200000ac                _ezero = .

.stack          0x200000ac      0x404 load address 0x000013e0
                0x200000b0                . = ALIGN (0x8)
 *fill*         0x200000ac        0x4 
                0x200000b0                _sstack = .
                0x200004b0                . = (. + STACK_SIZE)
 *fill*         0x200000b0      0x400 
                0x200004b0                . = ALIGN (0x8)
                0x200004b0                _estack = .
                0x200004b0                . = ALIGN (0x4)
                0x200004b0                _end = .
OUTPUT(SAMD10WS2812b.elf elf32-littlearm)

.ARM.attributes
                0x00000000       0x28
 .ARM.attributes
                0x00000000       0x1e c:/program files (x86)/atmel/studio/7.0/toolchain/arm/arm-gnu-toolchain/bin/../lib/gcc/arm-none-eabi/5.3.1/armv6-m/crti.o
 .ARM.attributes
                0x0000001e       0x2c c:/program files (x86)/atmel/studio/7.0/toolchain/arm/arm-gnu-toolchain/bin/../lib/gcc/arm-none-eabi/5.3.1/armv6-m/crtbegin.o
 .ARM.attributes
                0x0000004a       0x32 src/ASF/common2/services/delay/sam0/systick_counter.o
 .ARM.attributes
                0x0000007c       0x32 src/ASF/sam0/drivers/sercom/sercom.o
 .ARM.attributes
                0x000000ae       0x32 src/ASF/sam0/drivers/sercom/sercom_interrupt.o
 .ARM.attributes
                0x000000e0       0x32 src/ASF/sam0/drivers/sercom/spi/spi.o
 .ARM.attributes
                0x00000112       0x32 src/ASF/common/utils/interrupt/interrupt_sam_nvic.o
 .ARM.attributes
                0x00000144       0x32 src/ASF/sam0/boards/samd10_xplained_mini/board_init.o
 .ARM.attributes
                0x00000176       0x32 src/ASF/sam0/drivers/port/port.o
 .ARM.attributes
                0x000001a8       0x32 src/ASF/sam0/drivers/system/clock/clock_samd09_d10_d11/clock.o
 .ARM.attributes
                0x000001da       0x32 src/ASF/sam0/drivers/system/clock/clock_samd09_d10_d11/gclk.o
 .ARM.attributes
                0x0000020c       0x32 src/ASF/sam0/drivers/system/pinmux/pinmux.o
 .ARM.attributes
                0x0000023e       0x32 src/ASF/sam0/drivers/system/system.o
 .ARM.attributes
                0x00000270       0x32 src/ASF/sam0/drivers/tc/tc_interrupt.o
 .ARM.attributes
                0x000002a2       0x32 src/ASF/sam0/utils/cmsis/samd10/source/gcc/startup_samd10.o
 .ARM.attributes
                0x000002d4       0x32 src/main.o
 .ARM.attributes
                0x00000306       0x1e c:/program files (x86)/atmel/studio/7.0/toolchain/arm/arm-gnu-toolchain/bin/../lib/gcc/arm-none-eabi/5.3.1/armv6-m\libgcc.a(_udivsi3.o)
 .ARM.attributes
                0x00000324       0x1e c:/program files (x86)/atmel/studio/7.0/toolchain/arm/arm-gnu-toolchain/bin/../lib/gcc/arm-none-eabi/5.3.1/armv6-m\libgcc.a(_dvmd_tls.o)
 .ARM.attributes
                0x00000342       0x2c c:/program files (x86)/atmel/studio/7.0/toolchain/arm/arm-gnu-toolchain/bin/../lib/gcc/arm-none-eabi/5.3.1/../../../../arm-none-eabi/lib/armv6-m\libc_nano.a(lib_a-init.o)
 .ARM.attributes
                0x0000036e       0x2c c:/program files (x86)/atmel/studio/7.0/toolchain/arm/arm-gnu-toolchain/bin/../lib/gcc/arm-none-eabi/5.3.1/../../../../arm-none-eabi/lib/armv6-m\libc_nano.a(lib_a-memset.o)
 .ARM.attributes
                0x0000039a       0x1e c:/program files (x86)/atmel/studio/7.0/toolchain/arm/arm-gnu-toolchain/bin/../lib/gcc/arm-none-eabi/5.3.1/armv6-m/crtn.o

.comment        0x00000000       0x59
 .comment       0x00000000       0x59 src/ASF/common2/services/delay/sam0/systick_counter.o
                                 0x5a (size before relaxing)
 .comment       0x00000059       0x5a src/ASF/sam0/drivers/sercom/sercom.o
 .comment       0x00000059       0x5a src/ASF/sam0/drivers/sercom/sercom_interrupt.o
 .comment       0x00000059       0x5a src/ASF/sam0/drivers/sercom/spi/spi.o
 .comment       0x00000059       0x5a src/ASF/common/utils/interrupt/interrupt_sam_nvic.o
 .comment       0x00000059       0x5a src/ASF/sam0/boards/samd10_xplained_mini/board_init.o
 .comment       0x00000059       0x5a src/ASF/sam0/drivers/port/port.o
 .comment       0x00000059       0x5a src/ASF/sam0/drivers/system/clock/clock_samd09_d10_d11/clock.o
 .comment       0x00000059       0x5a src/ASF/sam0/drivers/system/clock/clock_samd09_d10_d11/gclk.o
 .comment       0x00000059       0x5a src/ASF/sam0/drivers/system/pinmux/pinmux.o
 .comment       0x00000059       0x5a src/ASF/sam0/drivers/system/system.o
 .comment       0x00000059       0x5a src/ASF/sam0/drivers/tc/tc_interrupt.o
 .comment       0x00000059       0x5a src/ASF/sam0/utils/cmsis/samd10/source/gcc/startup_samd10.o
 .comment       0x00000059       0x5a src/main.o

.debug_info     0x00000000    0x193cf
 .debug_info    0x00000000      0x26b src/ASF/common2/services/delay/sam0/systick_counter.o
 .debug_info    0x0000026b     0x2505 src/ASF/sam0/drivers/sercom/sercom.o
 .debug_info    0x00002770     0x2259 src/ASF/sam0/drivers/sercom/sercom_interrupt.o
 .debug_info    0x000049c9     0x5dfc src/ASF/sam0/drivers/sercom/spi/spi.o
 .debug_info    0x0000a7c5      0x1ea src/ASF/common/utils/interrupt/interrupt_sam_nvic.o
 .debug_info    0x0000a9af      0x98d src/ASF/sam0/boards/samd10_xplained_mini/board_init.o
 .debug_info    0x0000b33c      0x984 src/ASF/sam0/drivers/port/port.o
 .debug_info    0x0000bcc0     0x2eb8 src/ASF/sam0/drivers/system/clock/clock_samd09_d10_d11/clock.o
 .debug_info    0x0000eb78     0x14c7 src/ASF/sam0/drivers/system/clock/clock_samd09_d10_d11/gclk.o
 .debug_info    0x0001003f      0xae4 src/ASF/sam0/drivers/system/pinmux/pinmux.o
 .debug_info    0x00010b23      0x17c src/ASF/sam0/drivers/system/system.o
 .debug_info    0x00010c9f     0x1200 src/ASF/sam0/drivers/tc/tc_interrupt.o
 .debug_info    0x00011e9f     0x1a83 src/ASF/sam0/utils/cmsis/samd10/source/gcc/startup_samd10.o
 .debug_info    0x00013922     0x5aad src/main.o

.debug_abbrev   0x00000000     0x22e0
 .debug_abbrev  0x00000000      0x13e src/ASF/common2/services/delay/sam0/systick_counter.o
 .debug_abbrev  0x0000013e      0x308 src/ASF/sam0/drivers/sercom/sercom.o
 .debug_abbrev  0x00000446      0x239 src/ASF/sam0/drivers/sercom/sercom_interrupt.o
 .debug_abbrev  0x0000067f      0x473 src/ASF/sam0/drivers/sercom/spi/spi.o
 .debug_abbrev  0x00000af2       0xf6 src/ASF/common/utils/interrupt/interrupt_sam_nvic.o
 .debug_abbrev  0x00000be8      0x217 src/ASF/sam0/boards/samd10_xplained_mini/board_init.o
 .debug_abbrev  0x00000dff      0x1dc src/ASF/sam0/drivers/port/port.o
 .debug_abbrev  0x00000fdb      0x409 src/ASF/sam0/drivers/system/clock/clock_samd09_d10_d11/clock.o
 .debug_abbrev  0x000013e4      0x338 src/ASF/sam0/drivers/system/clock/clock_samd09_d10_d11/gclk.o
 .debug_abbrev  0x0000171c      0x2c5 src/ASF/sam0/drivers/system/pinmux/pinmux.o
 .debug_abbrev  0x000019e1       0xbb src/ASF/sam0/drivers/system/system.o
 .debug_abbrev  0x00001a9c      0x266 src/ASF/sam0/drivers/tc/tc_interrupt.o
 .debug_abbrev  0x00001d02      0x1e3 src/ASF/sam0/utils/cmsis/samd10/source/gcc/startup_samd10.o
 .debug_abbrev  0x00001ee5      0x3fb src/main.o

.debug_loc      0x00000000     0x512f
 .debug_loc     0x00000000       0xe4 src/ASF/common2/services/delay/sam0/systick_counter.o
 .debug_loc     0x000000e4      0x855 src/ASF/sam0/drivers/sercom/sercom.o
 .debug_loc     0x00000939      0x144 src/ASF/sam0/drivers/sercom/sercom_interrupt.o
 .debug_loc     0x00000a7d     0x27b9 src/ASF/sam0/drivers/sercom/spi/spi.o
 .debug_loc     0x00003236       0x8a src/ASF/sam0/boards/samd10_xplained_mini/board_init.o
 .debug_loc     0x000032c0      0x13d src/ASF/sam0/drivers/port/port.o
 .debug_loc     0x000033fd      0xfab src/ASF/sam0/drivers/system/clock/clock_samd09_d10_d11/clock.o
 .debug_loc     0x000043a8      0x4e3 src/ASF/sam0/drivers/system/clock/clock_samd09_d10_d11/gclk.o
 .debug_loc     0x0000488b      0x37a src/ASF/sam0/drivers/system/pinmux/pinmux.o
 .debug_loc     0x00004c05       0x20 src/ASF/sam0/drivers/system/system.o
 .debug_loc     0x00004c25      0x13c src/ASF/sam0/drivers/tc/tc_interrupt.o
 .debug_loc     0x00004d61       0x20 src/ASF/sam0/utils/cmsis/samd10/source/gcc/startup_samd10.o
 .debug_loc     0x00004d81      0x3ae src/main.o

.debug_aranges  0x00000000      0x388
 .debug_aranges
                0x00000000       0x30 src/ASF/common2/services/delay/sam0/systick_counter.o
 .debug_aranges
                0x00000030       0x40 src/ASF/sam0/drivers/sercom/sercom.o
 .debug_aranges
                0x00000070       0x48 src/ASF/sam0/drivers/sercom/sercom_interrupt.o
 .debug_aranges
                0x000000b8       0x58 src/ASF/sam0/drivers/sercom/spi/spi.o
 .debug_aranges
                0x00000110       0x28 src/ASF/common/utils/interrupt/interrupt_sam_nvic.o
 .debug_aranges
                0x00000138       0x20 src/ASF/sam0/boards/samd10_xplained_mini/board_init.o
 .debug_aranges
                0x00000158       0x28 src/ASF/sam0/drivers/port/port.o
 .debug_aranges
                0x00000180       0x78 src/ASF/sam0/drivers/system/clock/clock_samd09_d10_d11/clock.o
 .debug_aranges
                0x000001f8       0x80 src/ASF/sam0/drivers/system/clock/clock_samd09_d10_d11/gclk.o
 .debug_aranges
                0x00000278       0x40 src/ASF/sam0/drivers/system/pinmux/pinmux.o
 .debug_aranges
                0x000002b8       0x28 src/ASF/sam0/drivers/system/system.o
 .debug_aranges
                0x000002e0       0x40 src/ASF/sam0/drivers/tc/tc_interrupt.o
 .debug_aranges
                0x00000320       0x28 src/ASF/sam0/utils/cmsis/samd10/source/gcc/startup_samd10.o
 .debug_aranges
                0x00000348       0x40 src/main.o

.debug_ranges   0x00000000      0x6a8
 .debug_ranges  0x00000000       0x50 src/ASF/common2/services/delay/sam0/systick_counter.o
 .debug_ranges  0x00000050       0x60 src/ASF/sam0/drivers/sercom/sercom.o
 .debug_ranges  0x000000b0       0x38 src/ASF/sam0/drivers/sercom/sercom_interrupt.o
 .debug_ranges  0x000000e8      0x3a0 src/ASF/sam0/drivers/sercom/spi/spi.o
 .debug_ranges  0x00000488       0x18 src/ASF/common/utils/interrupt/interrupt_sam_nvic.o
 .debug_ranges  0x000004a0       0x10 src/ASF/sam0/boards/samd10_xplained_mini/board_init.o
 .debug_ranges  0x000004b0       0x18 src/ASF/sam0/drivers/port/port.o
 .debug_ranges  0x000004c8       0x80 src/ASF/sam0/drivers/system/clock/clock_samd09_d10_d11/clock.o
 .debug_ranges  0x00000548       0x70 src/ASF/sam0/drivers/system/clock/clock_samd09_d10_d11/gclk.o
 .debug_ranges  0x000005b8       0x30 src/ASF/sam0/drivers/system/pinmux/pinmux.o
 .debug_ranges  0x000005e8       0x18 src/ASF/sam0/drivers/system/system.o
 .debug_ranges  0x00000600       0x30 src/ASF/sam0/drivers/tc/tc_interrupt.o
 .debug_ranges  0x00000630       0x18 src/ASF/sam0/utils/cmsis/samd10/source/gcc/startup_samd10.o
 .debug_ranges  0x00000648       0x60 src/main.o

.debug_macro    0x00000000    0x14305
 .debug_macro   0x00000000      0x4aa src/ASF/common2/services/delay/sam0/systick_counter.o
 .debug_macro   0x000004aa      0x856 src/ASF/common2/services/delay/sam0/systick_counter.o
 .debug_macro   0x00000d00      0x16d src/ASF/common2/services/delay/sam0/systick_counter.o
 .debug_macro   0x00000e6d      0x652 src/ASF/common2/services/delay/sam0/systick_counter.o
 .debug_macro   0x000014bf       0x22 src/ASF/common2/services/delay/sam0/systick_counter.o
 .debug_macro   0x000014e1       0x87 src/ASF/common2/services/delay/sam0/systick_counter.o
 .debug_macro   0x00001568       0x44 src/ASF/common2/services/delay/sam0/systick_counter.o
 .debug_macro   0x000015ac       0xfd src/ASF/common2/services/delay/sam0/systick_counter.o
 .debug_macro   0x000016a9       0x22 src/ASF/common2/services/delay/sam0/systick_counter.o
 .debug_macro   0x000016cb      0x1df src/ASF/common2/services/delay/sam0/systick_counter.o
 .debug_macro   0x000018aa       0x10 src/ASF/common2/services/delay/sam0/systick_counter.o
 .debug_macro   0x000018ba       0x76 src/ASF/common2/services/delay/sam0/systick_counter.o
 .debug_macro   0x00001930       0x16 src/ASF/common2/services/delay/sam0/systick_counter.o
 .debug_macro   0x00001946      0x6e5 src/ASF/common2/services/delay/sam0/systick_counter.o
 .debug_macro   0x0000202b      0xde2 src/ASF/common2/services/delay/sam0/systick_counter.o
 .debug_macro   0x00002e0d       0x22 src/ASF/common2/services/delay/sam0/systick_counter.o
 .debug_macro   0x00002e2f       0x40 src/ASF/common2/services/delay/sam0/systick_counter.o
 .debug_macro   0x00002e6f       0x3a src/ASF/common2/services/delay/sam0/systick_counter.o
 .debug_macro   0x00002ea9       0x1f src/ASF/common2/services/delay/sam0/systick_counter.o
 .debug_macro   0x00002ec8      0x250 src/ASF/common2/services/delay/sam0/systick_counter.o
 .debug_macro   0x00003118      0x682 src/ASF/common2/services/delay/sam0/systick_counter.o
 .debug_macro   0x0000379a      0x8c1 src/ASF/common2/services/delay/sam0/systick_counter.o
 .debug_macro   0x0000405b      0x235 src/ASF/common2/services/delay/sam0/systick_counter.o
 .debug_macro   0x00004290      0xbde src/ASF/common2/services/delay/sam0/systick_counter.o
 .debug_macro   0x00004e6e      0x5b8 src/ASF/common2/services/delay/sam0/systick_counter.o
 .debug_macro   0x00005426      0x7cb src/ASF/common2/services/delay/sam0/systick_counter.o
 .debug_macro   0x00005bf1      0x4e6 src/ASF/common2/services/delay/sam0/systick_counter.o
 .debug_macro   0x000060d7      0x3ac src/ASF/common2/services/delay/sam0/systick_counter.o
 .debug_macro   0x00006483      0x19a src/ASF/common2/services/delay/sam0/systick_counter.o
 .debug_macro   0x0000661d      0x226 src/ASF/common2/services/delay/sam0/systick_counter.o
 .debug_macro   0x00006843      0x761 src/ASF/common2/services/delay/sam0/systick_counter.o
 .debug_macro   0x00006fa4       0x5e src/ASF/common2/services/delay/sam0/systick_counter.o
 .debug_macro   0x00007002      0x610 src/ASF/common2/services/delay/sam0/systick_counter.o
 .debug_macro   0x00007612      0x3b8 src/ASF/common2/services/delay/sam0/systick_counter.o
 .debug_macro   0x000079ca      0xc55 src/ASF/common2/services/delay/sam0/systick_counter.o
 .debug_macro   0x0000861f     0x1093 src/ASF/common2/services/delay/sam0/systick_counter.o
 .debug_macro   0x000096b2      0xc19 src/ASF/common2/services/delay/sam0/systick_counter.o
 .debug_macro   0x0000a2cb      0x6c2 src/ASF/common2/services/delay/sam0/systick_counter.o
 .debug_macro   0x0000a98d     0x1b94 src/ASF/common2/services/delay/sam0/systick_counter.o
 .debug_macro   0x0000c521      0x351 src/ASF/common2/services/delay/sam0/systick_counter.o
 .debug_macro   0x0000c872       0x7c src/ASF/common2/services/delay/sam0/systick_counter.o
 .debug_macro   0x0000c8ee       0xa0 src/ASF/common2/services/delay/sam0/systick_counter.o
 .debug_macro   0x0000c98e       0x4c src/ASF/common2/services/delay/sam0/systick_counter.o
 .debug_macro   0x0000c9da       0xca src/ASF/common2/services/delay/sam0/systick_counter.o
 .debug_macro   0x0000caa4       0xbe src/ASF/common2/services/delay/sam0/systick_counter.o
 .debug_macro   0x0000cb62       0x58 src/ASF/common2/services/delay/sam0/systick_counter.o
 .debug_macro   0x0000cbba      0x225 src/ASF/common2/services/delay/sam0/systick_counter.o
 .debug_macro   0x0000cddf       0x82 src/ASF/common2/services/delay/sam0/systick_counter.o
 .debug_macro   0x0000ce61      0x19a src/ASF/common2/services/delay/sam0/systick_counter.o
 .debug_macro   0x0000cffb       0xa0 src/ASF/common2/services/delay/sam0/systick_counter.o
 .debug_macro   0x0000d09b       0xc4 src/ASF/common2/services/delay/sam0/systick_counter.o
 .debug_macro   0x0000d15f       0x1c src/ASF/common2/services/delay/sam0/systick_counter.o
 .debug_macro   0x0000d17b       0x1c src/ASF/common2/services/delay/sam0/systick_counter.o
 .debug_macro   0x0000d197       0x1c src/ASF/common2/services/delay/sam0/systick_counter.o
 .debug_macro   0x0000d1b3       0x82 src/ASF/common2/services/delay/sam0/systick_counter.o
 .debug_macro   0x0000d235      0x112 src/ASF/common2/services/delay/sam0/systick_counter.o
 .debug_macro   0x0000d347       0xdc src/ASF/common2/services/delay/sam0/systick_counter.o
 .debug_macro   0x0000d423      0x132 src/ASF/common2/services/delay/sam0/systick_counter.o
 .debug_macro   0x0000d555      0x132 src/ASF/common2/services/delay/sam0/systick_counter.o
 .debug_macro   0x0000d687      0x132 src/ASF/common2/services/delay/sam0/systick_counter.o
 .debug_macro   0x0000d7b9      0x11e src/ASF/common2/services/delay/sam0/systick_counter.o
 .debug_macro   0x0000d8d7       0xe2 src/ASF/common2/services/delay/sam0/systick_counter.o
 .debug_macro   0x0000d9b9       0xe2 src/ASF/common2/services/delay/sam0/systick_counter.o
 .debug_macro   0x0000da9b      0x12f src/ASF/common2/services/delay/sam0/systick_counter.o
 .debug_macro   0x0000dbca       0x40 src/ASF/common2/services/delay/sam0/systick_counter.o
 .debug_macro   0x0000dc0a      0x2d5 src/ASF/common2/services/delay/sam0/systick_counter.o
 .debug_macro   0x0000dedf      0xf2a src/ASF/common2/services/delay/sam0/systick_counter.o
 .debug_macro   0x0000ee09       0x5f src/ASF/common2/services/delay/sam0/systick_counter.o
 .debug_macro   0x0000ee68       0x52 src/ASF/common2/services/delay/sam0/systick_counter.o
 .debug_macro   0x0000eeba       0x35 src/ASF/common2/services/delay/sam0/systick_counter.o
 .debug_macro   0x0000eeef       0x9c src/ASF/common2/services/delay/sam0/systick_counter.o
 .debug_macro   0x0000ef8b       0x16 src/ASF/common2/services/delay/sam0/systick_counter.o
 .debug_macro   0x0000efa1       0x35 src/ASF/common2/services/delay/sam0/systick_counter.o
 .debug_macro   0x0000efd6      0x330 src/ASF/common2/services/delay/sam0/systick_counter.o
 .debug_macro   0x0000f306       0x10 src/ASF/common2/services/delay/sam0/systick_counter.o
 .debug_macro   0x0000f316       0x52 src/ASF/common2/services/delay/sam0/systick_counter.o
 .debug_macro   0x0000f368       0x16 src/ASF/common2/services/delay/sam0/systick_counter.o
 .debug_macro   0x0000f37e       0x43 src/ASF/common2/services/delay/sam0/systick_counter.o
 .debug_macro   0x0000f3c1      0x187 src/ASF/common2/services/delay/sam0/systick_counter.o
 .debug_macro   0x0000f548       0x22 src/ASF/common2/services/delay/sam0/systick_counter.o
 .debug_macro   0x0000f56a       0x3a src/ASF/common2/services/delay/sam0/systick_counter.o
 .debug_macro   0x0000f5a4       0x10 src/ASF/common2/services/delay/sam0/systick_counter.o
 .debug_macro   0x0000f5b4       0x40 src/ASF/common2/services/delay/sam0/systick_counter.o
 .debug_macro   0x0000f5f4       0x6c src/ASF/common2/services/delay/sam0/systick_counter.o
 .debug_macro   0x0000f660       0x16 src/ASF/common2/services/delay/sam0/systick_counter.o
 .debug_macro   0x0000f676      0x182 src/ASF/common2/services/delay/sam0/systick_counter.o
 .debug_macro   0x0000f7f8       0x16 src/ASF/common2/services/delay/sam0/systick_counter.o
 .debug_macro   0x0000f80e       0x16 src/ASF/common2/services/delay/sam0/systick_counter.o
 .debug_macro   0x0000f824       0x29 src/ASF/common2/services/delay/sam0/systick_counter.o
 .debug_macro   0x0000f84d       0x51 src/ASF/common2/services/delay/sam0/systick_counter.o
 .debug_macro   0x0000f89e       0x3f src/ASF/common2/services/delay/sam0/systick_counter.o
 .debug_macro   0x0000f8dd      0x3df src/ASF/common2/services/delay/sam0/systick_counter.o
 .debug_macro   0x0000fcbc       0x11 src/ASF/common2/services/delay/sam0/systick_counter.o
 .debug_macro   0x0000fccd       0x16 src/ASF/common2/services/delay/sam0/systick_counter.o
 .debug_macro   0x0000fce3       0x16 src/ASF/common2/services/delay/sam0/systick_counter.o
 .debug_macro   0x0000fcf9      0x4fd src/ASF/sam0/drivers/sercom/sercom.o
 .debug_macro   0x000101f6       0x18 src/ASF/sam0/drivers/sercom/sercom.o
 .debug_macro   0x0001020e       0x2e src/ASF/sam0/drivers/sercom/sercom.o
 .debug_macro   0x0001023c       0x5e src/ASF/sam0/drivers/sercom/sercom.o
 .debug_macro   0x0001029a       0x10 src/ASF/sam0/drivers/sercom/sercom.o
 .debug_macro   0x000102aa      0x4fa src/ASF/sam0/drivers/sercom/sercom_interrupt.o
 .debug_macro   0x000107a4      0x52a src/ASF/sam0/drivers/sercom/spi/spi.o
 .debug_macro   0x00010cce       0x16 src/ASF/sam0/drivers/sercom/spi/spi.o
 .debug_macro   0x00010ce4       0x16 src/ASF/sam0/drivers/sercom/spi/spi.o
 .debug_macro   0x00010cfa       0x35 src/ASF/sam0/drivers/sercom/spi/spi.o
 .debug_macro   0x00010d2f      0x46f src/ASF/common/utils/interrupt/interrupt_sam_nvic.o
 .debug_macro   0x0001119e      0x4ad src/ASF/sam0/boards/samd10_xplained_mini/board_init.o
 .debug_macro   0x0001164b      0x2bf src/ASF/sam0/boards/samd10_xplained_mini/board_init.o
 .debug_macro   0x0001190a      0x11a src/ASF/sam0/boards/samd10_xplained_mini/board_init.o
 .debug_macro   0x00011a24      0x48b src/ASF/sam0/drivers/port/port.o
 .debug_macro   0x00011eaf      0x4e3 src/ASF/sam0/drivers/system/clock/clock_samd09_d10_d11/clock.o
 .debug_macro   0x00012392      0x234 src/ASF/sam0/drivers/system/clock/clock_samd09_d10_d11/clock.o
 .debug_macro   0x000125c6      0x4a5 src/ASF/sam0/drivers/system/clock/clock_samd09_d10_d11/gclk.o
 .debug_macro   0x00012a6b      0x47f src/ASF/sam0/drivers/system/pinmux/pinmux.o
 .debug_macro   0x00012eea       0x12 src/ASF/sam0/drivers/system/pinmux/pinmux.o
 .debug_macro   0x00012efc      0x4b3 src/ASF/sam0/drivers/system/system.o
 .debug_macro   0x000133af      0x4dd src/ASF/sam0/drivers/tc/tc_interrupt.o
 .debug_macro   0x0001388c       0x19 src/ASF/sam0/drivers/tc/tc_interrupt.o
 .debug_macro   0x000138a5       0x51 src/ASF/sam0/drivers/tc/tc_interrupt.o
 .debug_macro   0x000138f6      0x281 src/ASF/sam0/utils/cmsis/samd10/source/gcc/startup_samd10.o
 .debug_macro   0x00013b77       0x3a src/ASF/sam0/utils/cmsis/samd10/source/gcc/startup_samd10.o
 .debug_macro   0x00013bb1      0x610 src/main.o
 .debug_macro   0x000141c1       0x49 src/main.o
 .debug_macro   0x0001420a       0x6c src/main.o
 .debug_macro   0x00014276       0x8f src/main.o

.debug_line     0x00000000     0x91de
 .debug_line    0x00000000      0x929 src/ASF/common2/services/delay/sam0/systick_counter.o
 .debug_line    0x00000929      0xb08 src/ASF/sam0/drivers/sercom/sercom.o
 .debug_line    0x00001431      0xa9c src/ASF/sam0/drivers/sercom/sercom_interrupt.o
 .debug_line    0x00001ecd     0x1298 src/ASF/sam0/drivers/sercom/spi/spi.o
 .debug_line    0x00003165      0x834 src/ASF/common/utils/interrupt/interrupt_sam_nvic.o
 .debug_line    0x00003999      0x8db src/ASF/sam0/boards/samd10_xplained_mini/board_init.o
 .debug_line    0x00004274      0x860 src/ASF/sam0/drivers/port/port.o
 .debug_line    0x00004ad4      0xbee src/ASF/sam0/drivers/system/clock/clock_samd09_d10_d11/clock.o
 .debug_line    0x000056c2      0xbd4 src/ASF/sam0/drivers/system/clock/clock_samd09_d10_d11/gclk.o
 .debug_line    0x00006296      0x89f src/ASF/sam0/drivers/system/pinmux/pinmux.o
 .debug_line    0x00006b35      0x950 src/ASF/sam0/drivers/system/system.o
 .debug_line    0x00007485      0x9d0 src/ASF/sam0/drivers/tc/tc_interrupt.o
 .debug_line    0x00007e55      0x5e0 src/ASF/sam0/utils/cmsis/samd10/source/gcc/startup_samd10.o
 .debug_line    0x00008435      0xda9 src/main.o

.debug_str      0x00000000    0x6e21f
 .debug_str     0x00000000    0x65af5 src/ASF/common2/services/delay/sam0/systick_counter.o
                              0x65fae (size before relaxing)
 .debug_str     0x00065af5     0x12df src/ASF/sam0/drivers/sercom/sercom.o
                              0x67179 (size before relaxing)
 .debug_str     0x00066dd4      0x474 src/ASF/sam0/drivers/sercom/sercom_interrupt.o
                              0x66f01 (size before relaxing)
 .debug_str     0x00067248     0x1166 src/ASF/sam0/drivers/sercom/spi/spi.o
                              0x67ec4 (size before relaxing)
 .debug_str     0x000683ae       0x9b src/ASF/common/utils/interrupt/interrupt_sam_nvic.o
                              0x65db5 (size before relaxing)
 .debug_str     0x00068449      0xeb3 src/ASF/sam0/boards/samd10_xplained_mini/board_init.o
                              0x66eb7 (size before relaxing)
 .debug_str     0x000692fc       0x4e src/ASF/sam0/drivers/port/port.o
                              0x66190 (size before relaxing)
 .debug_str     0x0006934a     0x2520 src/ASF/sam0/drivers/system/clock/clock_samd09_d10_d11/clock.o
                              0x68c35 (size before relaxing)
 .debug_str     0x0006b86a      0x2d6 src/ASF/sam0/drivers/system/clock/clock_samd09_d10_d11/gclk.o
                              0x669c2 (size before relaxing)
 .debug_str     0x0006bb40      0x1b5 src/ASF/sam0/drivers/system/pinmux/pinmux.o
                              0x66257 (size before relaxing)
 .debug_str     0x0006bcf5       0x47 src/ASF/sam0/drivers/system/system.o
                              0x65e60 (size before relaxing)
 .debug_str     0x0006bd3c      0x6e8 src/ASF/sam0/drivers/tc/tc_interrupt.o
                              0x66abe (size before relaxing)
 .debug_str     0x0006c424      0x7cb src/ASF/sam0/utils/cmsis/samd10/source/gcc/startup_samd10.o
                              0x51d66 (size before relaxing)
 .debug_str     0x0006cbef     0x1630 src/main.o
                              0x6a3b3 (size before relaxing)

.debug_frame    0x00000000      0x88c
 .debug_frame   0x00000000       0x64 src/ASF/common2/services/delay/sam0/systick_counter.o
 .debug_frame   0x00000064       0x9c src/ASF/sam0/drivers/sercom/sercom.o
 .debug_frame   0x00000100       0xa0 src/ASF/sam0/drivers/sercom/sercom_interrupt.o
 .debug_frame   0x000001a0      0x120 src/ASF/sam0/drivers/sercom/spi/spi.o
 .debug_frame   0x000002c0       0x30 src/ASF/common/utils/interrupt/interrupt_sam_nvic.o
 .debug_frame   0x000002f0       0x30 src/ASF/sam0/boards/samd10_xplained_mini/board_init.o
 .debug_frame   0x00000320       0x44 src/ASF/sam0/drivers/port/port.o
 .debug_frame   0x00000364      0x15c src/ASF/sam0/drivers/system/clock/clock_samd09_d10_d11/clock.o
 .debug_frame   0x000004c0      0x148 src/ASF/sam0/drivers/system/clock/clock_samd09_d10_d11/gclk.o
 .debug_frame   0x00000608       0x98 src/ASF/sam0/drivers/system/pinmux/pinmux.o
 .debug_frame   0x000006a0       0x38 src/ASF/sam0/drivers/system/system.o
 .debug_frame   0x000006d8       0x7c src/ASF/sam0/drivers/tc/tc_interrupt.o
 .debug_frame   0x00000754       0x38 src/ASF/sam0/utils/cmsis/samd10/source/gcc/startup_samd10.o
 .debug_frame   0x0000078c       0x94 src/main.o
 .debug_frame   0x00000820       0x20 c:/program files (x86)/atmel/studio/7.0/toolchain/arm/arm-gnu-toolchain/bin/../lib/gcc/arm-none-eabi/5.3.1/armv6-m\libgcc.a(_udivsi3.o)
 .debug_frame   0x00000840       0x2c c:/program files (x86)/atmel/studio/7.0/toolchain/arm/arm-gnu-toolchain/bin/../lib/gcc/arm-none-eabi/5.3.1/../../../../arm-none-eabi/lib/armv6-m\libc_nano.a(lib_a-init.o)
 .debug_frame   0x0000086c       0x20 c:/program files (x86)/atmel/studio/7.0/toolchain/arm/arm-gnu-toolchain/bin/../lib/gcc/arm-none-eabi/5.3.1/../../../../arm-none-eabi/lib/armv6-m\libc_nano.a(lib_a-memset.o)

Cross Reference Table

Symbol                                            File
AC_Handler                                        src/ASF/sam0/utils/cmsis/samd10/source/gcc/startup_samd10.o
ADC_Handler                                       src/ASF/sam0/utils/cmsis/samd10/source/gcc/startup_samd10.o
DAC_Handler                                       src/ASF/sam0/utils/cmsis/samd10/source/gcc/startup_samd10.o
DMAC_Handler                                      src/ASF/sam0/utils/cmsis/samd10/source/gcc/startup_samd10.o
Dummy_Handler                                     src/ASF/sam0/utils/cmsis/samd10/source/gcc/startup_samd10.o
EIC_Handler                                       src/ASF/sam0/utils/cmsis/samd10/source/gcc/startup_samd10.o
EVSYS_Handler                                     src/ASF/sam0/utils/cmsis/samd10/source/gcc/startup_samd10.o
HardFault_Handler                                 src/ASF/sam0/utils/cmsis/samd10/source/gcc/startup_samd10.o
NMI_Handler                                       src/ASF/sam0/utils/cmsis/samd10/source/gcc/startup_samd10.o
NVMCTRL_Handler                                   src/ASF/sam0/utils/cmsis/samd10/source/gcc/startup_samd10.o
PM_Handler                                        src/ASF/sam0/utils/cmsis/samd10/source/gcc/startup_samd10.o
PTC_Handler                                       src/ASF/sam0/utils/cmsis/samd10/source/gcc/startup_samd10.o
PendSV_Handler                                    src/ASF/sam0/utils/cmsis/samd10/source/gcc/startup_samd10.o
RTC_Handler                                       src/ASF/sam0/utils/cmsis/samd10/source/gcc/startup_samd10.o
Reset_Handler                                     src/ASF/sam0/utils/cmsis/samd10/source/gcc/startup_samd10.o
SERCOM0_Handler                                   src/ASF/sam0/drivers/sercom/sercom_interrupt.o
SERCOM1_Handler                                   src/ASF/sam0/drivers/sercom/sercom_interrupt.o
SERCOM2_Handler                                   src/ASF/sam0/drivers/sercom/sercom_interrupt.o
SVC_Handler                                       src/ASF/sam0/utils/cmsis/samd10/source/gcc/startup_samd10.o
SYSCTRL_Handler                                   src/ASF/sam0/utils/cmsis/samd10/source/gcc/startup_samd10.o
SysTick_Handler                                   src/ASF/sam0/utils/cmsis/samd10/source/gcc/startup_samd10.o
SystemCoreClock                                   src/ASF/sam0/utils/cmsis/samd10/source/system_samd10.o
SystemCoreClockUpdate                             src/ASF/sam0/utils/cmsis/samd10/source/system_samd10.o
SystemInit                                        src/ASF/sam0/utils/cmsis/samd10/source/system_samd10.o
TC1_Handler                                       src/ASF/sam0/drivers/tc/tc_interrupt.o
TC2_Handler                                       src/ASF/sam0/drivers/tc/tc_interrupt.o
TCC0_Handler                                      src/ASF/sam0/utils/cmsis/samd10/source/gcc/startup_samd10.o
WDT_Handler                                       src/ASF/sam0/utils/cmsis/samd10/source/gcc/startup_samd10.o
_Jv_RegisterClasses                               c:/program files (x86)/atmel/studio/7.0/toolchain/arm/arm-gnu-toolchain/bin/../lib/gcc/arm-none-eabi/5.3.1/armv6-m/crtbegin.o
__aeabi_idiv0                                     c:/program files (x86)/atmel/studio/7.0/toolchain/arm/arm-gnu-toolchain/bin/../lib/gcc/arm-none-eabi/5.3.1/armv6-m\libgcc.a(_dvmd_tls.o)
                                                  c:/program files (x86)/atmel/studio/7.0/toolchain/arm/arm-gnu-toolchain/bin/../lib/gcc/arm-none-eabi/5.3.1/armv6-m\libgcc.a(_udivsi3.o)
__aeabi_ldiv0                                     c:/program files (x86)/atmel/studio/7.0/toolchain/arm/arm-gnu-toolchain/bin/../lib/gcc/arm-none-eabi/5.3.1/armv6-m\libgcc.a(_dvmd_tls.o)
__aeabi_lmul                                      c:/program files (x86)/atmel/studio/7.0/toolchain/arm/arm-gnu-toolchain/bin/../lib/gcc/arm-none-eabi/5.3.1/armv6-m\libgcc.a(_muldi3.o)
                                                  src/ASF/sam0/drivers/sercom/sercom.o
__aeabi_uidiv                                     c:/program files (x86)/atmel/studio/7.0/toolchain/arm/arm-gnu-toolchain/bin/../lib/gcc/arm-none-eabi/5.3.1/armv6-m\libgcc.a(_udivsi3.o)
                                                  src/ASF/sam0/drivers/system/clock/clock_samd09_d10_d11/gclk.o
                                                  src/ASF/sam0/drivers/system/clock/clock_samd09_d10_d11/clock.o
                                                  src/ASF/common2/services/delay/sam0/systick_counter.o
__aeabi_uidivmod                                  c:/program files (x86)/atmel/studio/7.0/toolchain/arm/arm-gnu-toolchain/bin/../lib/gcc/arm-none-eabi/5.3.1/armv6-m\libgcc.a(_udivsi3.o)
__bss_end__                                       c:/program files (x86)/atmel/studio/7.0/toolchain/arm/arm-gnu-toolchain/bin/../lib/gcc/arm-none-eabi/5.3.1/../../../../arm-none-eabi/lib/armv6-m/crt0.o
__bss_start__                                     c:/program files (x86)/atmel/studio/7.0/toolchain/arm/arm-gnu-toolchain/bin/../lib/gcc/arm-none-eabi/5.3.1/../../../../arm-none-eabi/lib/armv6-m/crt0.o
__call_exitprocs                                  c:/program files (x86)/atmel/studio/7.0/toolchain/arm/arm-gnu-toolchain/bin/../lib/gcc/arm-none-eabi/5.3.1/../../../../arm-none-eabi/lib/armv6-m\libc_nano.a(lib_a-exit.o)
__deregister_frame_info                           c:/program files (x86)/atmel/studio/7.0/toolchain/arm/arm-gnu-toolchain/bin/../lib/gcc/arm-none-eabi/5.3.1/armv6-m/crtbegin.o
__dso_handle                                      c:/program files (x86)/atmel/studio/7.0/toolchain/arm/arm-gnu-toolchain/bin/../lib/gcc/arm-none-eabi/5.3.1/armv6-m/crtbegin.o
__init_array_end                                  c:/program files (x86)/atmel/studio/7.0/toolchain/arm/arm-gnu-toolchain/bin/../lib/gcc/arm-none-eabi/5.3.1/../../../../arm-none-eabi/lib/armv6-m\libc_nano.a(lib_a-init.o)
__init_array_start                                c:/program files (x86)/atmel/studio/7.0/toolchain/arm/arm-gnu-toolchain/bin/../lib/gcc/arm-none-eabi/5.3.1/../../../../arm-none-eabi/lib/armv6-m\libc_nano.a(lib_a-init.o)
__libc_fini_array                                 c:/program files (x86)/atmel/studio/7.0/toolchain/arm/arm-gnu-toolchain/bin/../lib/gcc/arm-none-eabi/5.3.1/../../../../arm-none-eabi/lib/armv6-m/crt0.o
__libc_init_array                                 c:/program files (x86)/atmel/studio/7.0/toolchain/arm/arm-gnu-toolchain/bin/../lib/gcc/arm-none-eabi/5.3.1/../../../../arm-none-eabi/lib/armv6-m\libc_nano.a(lib_a-init.o)
                                                  src/ASF/sam0/utils/cmsis/samd10/source/gcc/startup_samd10.o
                                                  c:/program files (x86)/atmel/studio/7.0/toolchain/arm/arm-gnu-toolchain/bin/../lib/gcc/arm-none-eabi/5.3.1/../../../../arm-none-eabi/lib/armv6-m/crt0.o
__muldi3                                          c:/program files (x86)/atmel/studio/7.0/toolchain/arm/arm-gnu-toolchain/bin/../lib/gcc/arm-none-eabi/5.3.1/armv6-m\libgcc.a(_muldi3.o)
__preinit_array_end                               c:/program files (x86)/atmel/studio/7.0/toolchain/arm/arm-gnu-toolchain/bin/../lib/gcc/arm-none-eabi/5.3.1/../../../../arm-none-eabi/lib/armv6-m\libc_nano.a(lib_a-init.o)
__preinit_array_start                             c:/program files (x86)/atmel/studio/7.0/toolchain/arm/arm-gnu-toolchain/bin/../lib/gcc/arm-none-eabi/5.3.1/../../../../arm-none-eabi/lib/armv6-m\libc_nano.a(lib_a-init.o)
__register_frame_info                             c:/program files (x86)/atmel/studio/7.0/toolchain/arm/arm-gnu-toolchain/bin/../lib/gcc/arm-none-eabi/5.3.1/armv6-m/crtbegin.o
__sf_fake_stderr                                  c:/program files (x86)/atmel/studio/7.0/toolchain/arm/arm-gnu-toolchain/bin/../lib/gcc/arm-none-eabi/5.3.1/../../../../arm-none-eabi/lib/armv6-m\libc_nano.a(lib_a-impure.o)
__sf_fake_stdin                                   c:/program files (x86)/atmel/studio/7.0/toolchain/arm/arm-gnu-toolchain/bin/../lib/gcc/arm-none-eabi/5.3.1/../../../../arm-none-eabi/lib/armv6-m\libc_nano.a(lib_a-impure.o)
__sf_fake_stdout                                  c:/program files (x86)/atmel/studio/7.0/toolchain/arm/arm-gnu-toolchain/bin/../lib/gcc/arm-none-eabi/5.3.1/../../../../arm-none-eabi/lib/armv6-m\libc_nano.a(lib_a-impure.o)
__stack                                           c:/program files (x86)/atmel/studio/7.0/toolchain/arm/arm-gnu-toolchain/bin/../lib/gcc/arm-none-eabi/5.3.1/../../../../arm-none-eabi/lib/armv6-m/crt0.o
__udivsi3                                         c:/program files (x86)/atmel/studio/7.0/toolchain/arm/arm-gnu-toolchain/bin/../lib/gcc/arm-none-eabi/5.3.1/armv6-m\libgcc.a(_udivsi3.o)
_close                                            src/ASF/sam0/utils/syscalls/gcc/syscalls.o
_end                                              src/ASF/sam0/utils/syscalls/gcc/syscalls.o
_erelocate                                        src/ASF/sam0/utils/cmsis/samd10/source/gcc/startup_samd10.o
_estack                                           src/ASF/sam0/utils/cmsis/samd10/source/gcc/startup_samd10.o
_etext                                            src/ASF/sam0/utils/cmsis/samd10/source/gcc/startup_samd10.o
_exit                                             src/ASF/sam0/utils/syscalls/gcc/syscalls.o
                                                  c:/program files (x86)/atmel/studio/7.0/toolchain/arm/arm-gnu-toolchain/bin/../lib/gcc/arm-none-eabi/5.3.1/../../../../arm-none-eabi/lib/armv6-m\libc_nano.a(lib_a-exit.o)
_ezero                                            src/ASF/sam0/utils/cmsis/samd10/source/gcc/startup_samd10.o
_fini                                             c:/program files (x86)/atmel/studio/7.0/toolchain/arm/arm-gnu-toolchain/bin/../lib/gcc/arm-none-eabi/5.3.1/armv6-m/crti.o
_fstat                                            src/ASF/sam0/utils/syscalls/gcc/syscalls.o
_getpid                                           src/ASF/sam0/utils/syscalls/gcc/syscalls.o
_global_impure_ptr                                c:/program files (x86)/atmel/studio/7.0/toolchain/arm/arm-gnu-toolchain/bin/../lib/gcc/arm-none-eabi/5.3.1/../../../../arm-none-eabi/lib/armv6-m\libc_nano.a(lib_a-impure.o)
                                                  c:/program files (x86)/atmel/studio/7.0/toolchain/arm/arm-gnu-toolchain/bin/../lib/gcc/arm-none-eabi/5.3.1/../../../../arm-none-eabi/lib/armv6-m\libc_nano.a(lib_a-exit.o)
_impure_ptr                                       c:/program files (x86)/atmel/studio/7.0/toolchain/arm/arm-gnu-toolchain/bin/../lib/gcc/arm-none-eabi/5.3.1/../../../../arm-none-eabi/lib/armv6-m\libc_nano.a(lib_a-impure.o)
_init                                             c:/program files (x86)/atmel/studio/7.0/toolchain/arm/arm-gnu-toolchain/bin/../lib/gcc/arm-none-eabi/5.3.1/armv6-m/crti.o
                                                  c:/program files (x86)/atmel/studio/7.0/toolchain/arm/arm-gnu-toolchain/bin/../lib/gcc/arm-none-eabi/5.3.1/../../../../arm-none-eabi/lib/armv6-m\libc_nano.a(lib_a-init.o)
_isatty                                           src/ASF/sam0/utils/syscalls/gcc/syscalls.o
_kill                                             src/ASF/sam0/utils/syscalls/gcc/syscalls.o
_lseek                                            src/ASF/sam0/utils/syscalls/gcc/syscalls.o
_mainCRTStartup                                   c:/program files (x86)/atmel/studio/7.0/toolchain/arm/arm-gnu-toolchain/bin/../lib/gcc/arm-none-eabi/5.3.1/../../../../arm-none-eabi/lib/armv6-m/crt0.o
_sbrk                                             src/ASF/sam0/utils/syscalls/gcc/syscalls.o
_sercom_get_async_baud_val                        src/ASF/sam0/drivers/sercom/sercom.o
                                                  src/ASF/sam0/drivers/sercom/usart/usart.o
_sercom_get_default_pad                           src/ASF/sam0/drivers/sercom/sercom.o
                                                  src/ASF/sam0/drivers/sercom/spi/spi.o
                                                  src/ASF/sam0/drivers/sercom/usart/usart.o
_sercom_get_interrupt_vector                      src/ASF/sam0/drivers/sercom/sercom_interrupt.o
                                                  src/main.o
_sercom_get_sercom_inst_index                     src/ASF/sam0/drivers/sercom/sercom.o
                                                  src/ASF/sam0/drivers/sercom/spi/spi.o
                                                  src/ASF/sam0/drivers/sercom/usart/usart.o
                                                  src/ASF/sam0/drivers/sercom/sercom_interrupt.o
_sercom_get_sync_baud_val                         src/ASF/sam0/drivers/sercom/sercom.o
                                                  src/ASF/sam0/drivers/sercom/spi/spi.o
                                                  src/ASF/sam0/drivers/sercom/usart/usart.o
_sercom_instances                                 src/ASF/sam0/drivers/sercom/sercom_interrupt.o
                                                  src/ASF/sam0/drivers/sercom/usart/usart_interrupt.o
                                                  src/ASF/sam0/drivers/sercom/usart/usart.o
_sercom_set_handler                               src/ASF/sam0/drivers/sercom/sercom_interrupt.o
                                                  src/ASF/sam0/drivers/sercom/usart/usart.o
_sfixed                                           src/ASF/sam0/utils/cmsis/samd10/source/gcc/startup_samd10.o
_srelocate                                        src/ASF/sam0/utils/cmsis/samd10/source/gcc/startup_samd10.o
_start                                            c:/program files (x86)/atmel/studio/7.0/toolchain/arm/arm-gnu-toolchain/bin/../lib/gcc/arm-none-eabi/5.3.1/../../../../arm-none-eabi/lib/armv6-m/crt0.o
_system_divas_init                                src/ASF/sam0/drivers/system/system.o
_system_dummy_init                                src/ASF/sam0/drivers/system/system.o
_system_events_init                               src/ASF/sam0/drivers/system/system.o
_system_extint_init                               src/ASF/sam0/drivers/system/system.o
_szero                                            src/ASF/sam0/utils/cmsis/samd10/source/gcc/startup_samd10.o
_tc_get_inst_index                                src/ASF/sam0/drivers/tc/tc_sam_d_r/tc.o
_tc_instances                                     src/ASF/sam0/drivers/tc/tc_interrupt.o
                                                  src/ASF/sam0/drivers/tc/tc_sam_d_r/tc.o
_tc_interrupt_handler                             src/ASF/sam0/drivers/tc/tc_interrupt.o
_tcc_apbcmasks                                    src/ASF/sam0/drivers/tcc/tcc.o
_tcc_cc_nums                                      src/ASF/sam0/drivers/tcc/tcc.o
_tcc_exts                                         src/ASF/sam0/drivers/tcc/tcc.o
_tcc_gclk_ids                                     src/ASF/sam0/drivers/tcc/tcc.o
_tcc_get_inst_index                               src/ASF/sam0/drivers/tcc/tcc.o
_tcc_maxs                                         src/ASF/sam0/drivers/tcc/tcc.o
_tcc_ow_nums                                      src/ASF/sam0/drivers/tcc/tcc.o
_tcc_sizes                                        src/ASF/sam0/drivers/tcc/tcc.o
_usart_interrupt_handler                          src/ASF/sam0/drivers/sercom/usart/usart_interrupt.o
                                                  src/ASF/sam0/drivers/sercom/usart/usart.o
_usart_read_buffer                                src/ASF/sam0/drivers/sercom/usart/usart_interrupt.o
_usart_write_buffer                               src/ASF/sam0/drivers/sercom/usart/usart_interrupt.o
atexit                                            c:/program files (x86)/atmel/studio/7.0/toolchain/arm/arm-gnu-toolchain/bin/../lib/gcc/arm-none-eabi/5.3.1/../../../../arm-none-eabi/lib/armv6-m/crt0.o
board_init                                        src/ASF/sam0/boards/samd10_xplained_mini/board_init.o
configure_spi_master                              src/main.o
configure_usart                                   src/main.o
cpu_irq_enter_critical                            src/ASF/common/utils/interrupt/interrupt_sam_nvic.o
                                                  src/ASF/sam0/drivers/system/clock/clock_samd09_d10_d11/gclk.o
                                                  src/ASF/sam0/drivers/sercom/usart/usart_interrupt.o
cpu_irq_leave_critical                            src/ASF/common/utils/interrupt/interrupt_sam_nvic.o
                                                  src/ASF/sam0/drivers/system/clock/clock_samd09_d10_d11/gclk.o
                                                  src/ASF/sam0/drivers/sercom/usart/usart_interrupt.o
delay_cycles_ms                                   src/ASF/common2/services/delay/sam0/systick_counter.o
                                                  src/main.o
delay_cycles_us                                   src/ASF/common2/services/delay/sam0/systick_counter.o
delay_init                                        src/ASF/common2/services/delay/sam0/systick_counter.o
                                                  src/main.o
exception_table                                   src/ASF/sam0/utils/cmsis/samd10/source/gcc/startup_samd10.o
exit                                              c:/program files (x86)/atmel/studio/7.0/toolchain/arm/arm-gnu-toolchain/bin/../lib/gcc/arm-none-eabi/5.3.1/../../../../arm-none-eabi/lib/armv6-m\libc_nano.a(lib_a-exit.o)
                                                  c:/program files (x86)/atmel/studio/7.0/toolchain/arm/arm-gnu-toolchain/bin/../lib/gcc/arm-none-eabi/5.3.1/../../../../arm-none-eabi/lib/armv6-m/crt0.o
g_interrupt_enabled                               src/ASF/common/utils/interrupt/interrupt_sam_nvic.o
hardware_init_hook                                c:/program files (x86)/atmel/studio/7.0/toolchain/arm/arm-gnu-toolchain/bin/../lib/gcc/arm-none-eabi/5.3.1/../../../../arm-none-eabi/lib/armv6-m/crt0.o
link                                              src/ASF/sam0/utils/syscalls/gcc/syscalls.o
main                                              src/main.o
                                                  src/ASF/sam0/utils/cmsis/samd10/source/gcc/startup_samd10.o
                                                  c:/program files (x86)/atmel/studio/7.0/toolchain/arm/arm-gnu-toolchain/bin/../lib/gcc/arm-none-eabi/5.3.1/../../../../arm-none-eabi/lib/armv6-m/crt0.o
memcpy                                            c:/program files (x86)/atmel/studio/7.0/toolchain/arm/arm-gnu-toolchain/bin/../lib/gcc/arm-none-eabi/5.3.1/../../../../arm-none-eabi/lib/armv6-m\libc_nano.a(lib_a-memcpy-stub.o)
                                                  src/ASF/sam0/drivers/tc/tc_sam_d_r/tc.o
                                                  src/ASF/sam0/drivers/sercom/sercom_interrupt.o
memset                                            c:/program files (x86)/atmel/studio/7.0/toolchain/arm/arm-gnu-toolchain/bin/../lib/gcc/arm-none-eabi/5.3.1/../../../../arm-none-eabi/lib/armv6-m\libc_nano.a(lib_a-memset.o)
                                                  src/main.o
                                                  c:/program files (x86)/atmel/studio/7.0/toolchain/arm/arm-gnu-toolchain/bin/../lib/gcc/arm-none-eabi/5.3.1/../../../../arm-none-eabi/lib/armv6-m/crt0.o
port_group_set_config                             src/ASF/sam0/drivers/port/port.o
port_pin_set_config                               src/ASF/sam0/drivers/port/port.o
                                                  src/main.o
                                                  src/ASF/sam0/boards/samd10_xplained_mini/board_init.o
sercom_set_gclk_generator                         src/ASF/sam0/drivers/sercom/sercom.o
                                                  src/ASF/sam0/drivers/sercom/spi/spi.o
                                                  src/ASF/sam0/drivers/sercom/usart/usart.o
slave                                             src/main.o
software_init_hook                                c:/program files (x86)/atmel/studio/7.0/toolchain/arm/arm-gnu-toolchain/bin/../lib/gcc/arm-none-eabi/5.3.1/../../../../arm-none-eabi/lib/armv6-m/crt0.o
spi_init                                          src/ASF/sam0/drivers/sercom/spi/spi.o
                                                  src/main.o
spi_master_instance                               src/main.o
spi_read_buffer_wait                              src/ASF/sam0/drivers/sercom/spi/spi.o
spi_reset                                         src/ASF/sam0/drivers/sercom/spi/spi.o
spi_select_slave                                  src/ASF/sam0/drivers/sercom/spi/spi.o
spi_set_baudrate                                  src/ASF/sam0/drivers/sercom/spi/spi.o
spi_transceive_buffer_wait                        src/ASF/sam0/drivers/sercom/spi/spi.o
spi_transceive_wait                               src/ASF/sam0/drivers/sercom/spi/spi.o
spi_write_buffer_wait                             src/ASF/sam0/drivers/sercom/spi/spi.o
system_board_init                                 src/ASF/sam0/boards/samd10_xplained_mini/board_init.o
system_clock_init                                 src/ASF/sam0/drivers/system/clock/clock_samd09_d10_d11/clock.o
system_clock_source_dfll_set_config               src/ASF/sam0/drivers/system/clock/clock_samd09_d10_d11/clock.o
system_clock_source_disable                       src/ASF/sam0/drivers/system/clock/clock_samd09_d10_d11/clock.o
system_clock_source_dpll_set_config               src/ASF/sam0/drivers/system/clock/clock_samd09_d10_d11/clock.o
system_clock_source_enable                        src/ASF/sam0/drivers/system/clock/clock_samd09_d10_d11/clock.o
system_clock_source_get_hz                        src/ASF/sam0/drivers/system/clock/clock_samd09_d10_d11/clock.o
                                                  src/ASF/sam0/drivers/system/clock/clock_samd09_d10_d11/gclk.o
system_clock_source_is_ready                      src/ASF/sam0/drivers/system/clock/clock_samd09_d10_d11/clock.o
system_clock_source_osc32k_set_config             src/ASF/sam0/drivers/system/clock/clock_samd09_d10_d11/clock.o
system_clock_source_osc8m_set_config              src/ASF/sam0/drivers/system/clock/clock_samd09_d10_d11/clock.o
system_clock_source_write_calibration             src/ASF/sam0/drivers/system/clock/clock_samd09_d10_d11/clock.o
system_clock_source_xosc32k_set_config            src/ASF/sam0/drivers/system/clock/clock_samd09_d10_d11/clock.o
system_clock_source_xosc_set_config               src/ASF/sam0/drivers/system/clock/clock_samd09_d10_d11/clock.o
system_gclk_chan_disable                          src/ASF/sam0/drivers/system/clock/clock_samd09_d10_d11/gclk.o
system_gclk_chan_enable                           src/ASF/sam0/drivers/system/clock/clock_samd09_d10_d11/gclk.o
                                                  src/ASF/sam0/drivers/tc/tc_sam_d_r/tc.o
                                                  src/ASF/sam0/drivers/tcc/tcc.o
                                                  src/ASF/sam0/drivers/system/clock/clock_samd09_d10_d11/clock.o
                                                  src/ASF/sam0/drivers/sercom/spi/spi.o
                                                  src/ASF/sam0/drivers/sercom/usart/usart.o
                                                  src/ASF/sam0/drivers/sercom/sercom.o
system_gclk_chan_get_hz                           src/ASF/sam0/drivers/system/clock/clock_samd09_d10_d11/gclk.o
                                                  src/ASF/sam0/drivers/system/clock/clock_samd09_d10_d11/clock.o
                                                  src/ASF/sam0/drivers/sercom/spi/spi.o
                                                  src/ASF/sam0/drivers/sercom/usart/usart.o
system_gclk_chan_is_enabled                       src/ASF/sam0/drivers/system/clock/clock_samd09_d10_d11/gclk.o
system_gclk_chan_is_locked                        src/ASF/sam0/drivers/system/clock/clock_samd09_d10_d11/gclk.o
system_gclk_chan_lock                             src/ASF/sam0/drivers/system/clock/clock_samd09_d10_d11/gclk.o
system_gclk_chan_set_config                       src/ASF/sam0/drivers/system/clock/clock_samd09_d10_d11/gclk.o
                                                  src/ASF/sam0/drivers/tc/tc_sam_d_r/tc.o
                                                  src/ASF/sam0/drivers/tcc/tcc.o
                                                  src/ASF/sam0/drivers/system/clock/clock_samd09_d10_d11/clock.o
                                                  src/ASF/sam0/drivers/sercom/spi/spi.o
                                                  src/ASF/sam0/drivers/sercom/usart/usart.o
                                                  src/ASF/sam0/drivers/sercom/sercom.o
system_gclk_gen_disable                           src/ASF/sam0/drivers/system/clock/clock_samd09_d10_d11/gclk.o
system_gclk_gen_enable                            src/ASF/sam0/drivers/system/clock/clock_samd09_d10_d11/gclk.o
                                                  src/ASF/sam0/drivers/system/clock/clock_samd09_d10_d11/clock.o
system_gclk_gen_get_hz                            src/ASF/sam0/drivers/system/clock/clock_samd09_d10_d11/gclk.o
                                                  src/ASF/common2/services/delay/sam0/systick_counter.o
system_gclk_gen_is_enabled                        src/ASF/sam0/drivers/system/clock/clock_samd09_d10_d11/gclk.o
system_gclk_gen_set_config                        src/ASF/sam0/drivers/system/clock/clock_samd09_d10_d11/gclk.o
                                                  src/ASF/sam0/drivers/system/clock/clock_samd09_d10_d11/clock.o
system_gclk_init                                  src/ASF/sam0/drivers/system/clock/clock_samd09_d10_d11/gclk.o
                                                  src/ASF/sam0/drivers/system/clock/clock_samd09_d10_d11/clock.o
system_init                                       src/ASF/sam0/drivers/system/system.o
                                                  src/main.o
system_interrupt_clear_pending                    src/ASF/sam0/drivers/system/interrupt/system_interrupt.o
system_interrupt_get_priority                     src/ASF/sam0/drivers/system/interrupt/system_interrupt.o
system_interrupt_is_pending                       src/ASF/sam0/drivers/system/interrupt/system_interrupt.o
system_interrupt_set_pending                      src/ASF/sam0/drivers/system/interrupt/system_interrupt.o
system_interrupt_set_priority                     src/ASF/sam0/drivers/system/interrupt/system_interrupt.o
system_pinmux_group_set_config                    src/ASF/sam0/drivers/system/pinmux/pinmux.o
                                                  src/ASF/sam0/drivers/port/port.o
system_pinmux_group_set_input_sample_mode         src/ASF/sam0/drivers/system/pinmux/pinmux.o
system_pinmux_group_set_output_strength           src/ASF/sam0/drivers/system/pinmux/pinmux.o
system_pinmux_pin_set_config                      src/ASF/sam0/drivers/system/pinmux/pinmux.o
                                                  src/ASF/sam0/drivers/tc/tc_sam_d_r/tc.o
                                                  src/ASF/sam0/drivers/tcc/tcc.o
                                                  src/ASF/sam0/drivers/port/port.o
                                                  src/ASF/sam0/drivers/sercom/spi/spi.o
                                                  src/ASF/sam0/drivers/sercom/usart/usart.o
tc_get_capture_value                              src/ASF/sam0/drivers/tc/tc_sam_d_r/tc.o
tc_get_count_value                                src/ASF/sam0/drivers/tc/tc_sam_d_r/tc.o
tc_init                                           src/ASF/sam0/drivers/tc/tc_sam_d_r/tc.o
tc_register_callback                              src/ASF/sam0/drivers/tc/tc_interrupt.o
tc_reset                                          src/ASF/sam0/drivers/tc/tc_sam_d_r/tc.o
tc_set_compare_value                              src/ASF/sam0/drivers/tc/tc_sam_d_r/tc.o
tc_set_count_value                                src/ASF/sam0/drivers/tc/tc_sam_d_r/tc.o
tc_set_top_value                                  src/ASF/sam0/drivers/tc/tc_sam_d_r/tc.o
tc_unregister_callback                            src/ASF/sam0/drivers/tc/tc_interrupt.o
tcc_clear_status                                  src/ASF/sam0/drivers/tcc/tcc.o
tcc_disable_circular_buffer_compare               src/ASF/sam0/drivers/tcc/tcc.o
tcc_disable_events                                src/ASF/sam0/drivers/tcc/tcc.o
tcc_enable_circular_buffer_compare                src/ASF/sam0/drivers/tcc/tcc.o
tcc_enable_events                                 src/ASF/sam0/drivers/tcc/tcc.o
tcc_get_capture_value                             src/ASF/sam0/drivers/tcc/tcc.o
tcc_get_config_defaults                           src/ASF/sam0/drivers/tcc/tcc.o
tcc_get_count_value                               src/ASF/sam0/drivers/tcc/tcc.o
tcc_get_status                                    src/ASF/sam0/drivers/tcc/tcc.o
tcc_init                                          src/ASF/sam0/drivers/tcc/tcc.o
tcc_instance                                      src/main.o
tcc_modules                                       src/ASF/sam0/drivers/tcc/tcc.o
tcc_set_compare_value                             src/ASF/sam0/drivers/tcc/tcc.o
tcc_set_count_value                               src/ASF/sam0/drivers/tcc/tcc.o
tcc_set_double_buffer_compare_values              src/ASF/sam0/drivers/tcc/tcc.o
tcc_set_double_buffer_top_values                  src/ASF/sam0/drivers/tcc/tcc.o
tcc_set_pattern                                   src/ASF/sam0/drivers/tcc/tcc.o
tcc_set_top_value                                 src/ASF/sam0/drivers/tcc/tcc.o
usart_abort_job                                   src/ASF/sam0/drivers/sercom/usart/usart_interrupt.o
usart_get_job_status                              src/ASF/sam0/drivers/sercom/usart/usart_interrupt.o
usart_init                                        src/ASF/sam0/drivers/sercom/usart/usart.o
                                                  src/main.o
usart_instance                                    src/main.o
usart_read_buffer_job                             src/ASF/sam0/drivers/sercom/usart/usart_interrupt.o
usart_read_buffer_wait                            src/ASF/sam0/drivers/sercom/usart/usart.o
usart_read_job                                    src/ASF/sam0/drivers/sercom/usart/usart_interrupt.o
usart_read_wait                                   src/ASF/sam0/drivers/sercom/usart/usart.o
usart_register_callback                           src/ASF/sam0/drivers/sercom/usart/usart_interrupt.o
usart_unregister_callback                         src/ASF/sam0/drivers/sercom/usart/usart_interrupt.o
usart_write_buffer_job                            src/ASF/sam0/drivers/sercom/usart/usart_interrupt.o
usart_write_buffer_wait                           src/ASF/sam0/drivers/sercom/usart/usart.o
usart_write_job                                   src/ASF/sam0/drivers/sercom/usart/usart_interrupt.o
usart_write_wait                                  src/ASF/sam0/drivers/sercom/usart/usart.o
